
> nitoron@0.1.0 build
> vite build

vite v8.2.2 building client environment for production...
transforming...
✓ 129 modules transformed.
rendering chunks...
computing gzip size...
dist/index.html                             1.57 kB │ gzip:   0.80 kB
dist/assets/RepairWorkspace-Cxi2hvKM.css   12.34 kB │ gzip:   3.00 kB
dist/assets/index-BVDuDBKe.css             88.31 kB │ gzip:  17.15 kB
dist/assets/camera-rig-DDlYUwo1.js          0.50 kB │ gzip:   0.34 kB
dist/assets/useAssets-CisZw2JA.js           1.86 kB │ gzip:   1.07 kB
dist/assets/SharedList-UYOnDo2W.js          2.13 kB │ gzip:   1.09 kB
dist/assets/Talks-Cd3-sVR-.js               3.35 kB │ gzip:   1.53 kB
dist/assets/ProfileEdit-BwhJVa-M.js         3.49 kB │ gzip:   1.58 kB
dist/assets/User-CWLieHic.js                3.54 kB │ gzip:   1.45 kB
dist/assets/Account-B9XceAiL.js             4.50 kB │ gzip:   1.87 kB
dist/assets/host-Dw6m5VVl.js                6.83 kB │ gzip:   2.99 kB
dist/assets/Discussion-DaD0ro3z.js          7.46 kB │ gzip:   2.87 kB
dist/assets/Compare-iGHg8MP2.js             8.60 kB │ gzip:   3.15 kB
dist/assets/skp-parts-CvOZkm6m.js           9.68 kB │ gzip:   4.25 kB
dist/assets/domain-B50Vl58U.js             11.78 kB │ gzip:   5.11 kB
dist/assets/OrbitControls-BFqGN_nX.js      19.08 kB │ gzip:   4.26 kB
dist/assets/scene-Dl1mrNIV.js              30.28 kB │ gzip:  12.55 kB
dist/assets/Editor-Cc0Fq7Jo.js             30.46 kB │ gzip:   9.57 kB
dist/assets/catalog-B6HZjWg1.js            33.47 kB │ gzip:   4.42 kB
dist/assets/RepairWorkspace-D620jTnI.js    42.19 kB │ gzip:  12.71 kB
dist/assets/ui-BmO04eti.js                220.94 kB │ gzip:  58.33 kB
dist/assets/index-CbQUwlJa.js             301.85 kB │ gzip:  91.03 kB
dist/assets/three.module-Dl3cTCkI.js      695.07 kB │ gzip: 176.48 kB

✓ built in 721ms
npm warn Unknown env config "http-proxy". This will stop working in the next major version of npm.
[plugin builtin:vite-reporter] 
(!) Some chunks are larger than 500 kB after minification. Consider:
- Using dynamic import() to code-split the application
- Use build.rolldownOptions.output.codeSplitting to improve chunking: https://rolldown.rs/reference/OutputOptions.codeSplitting
- Adjust chunk size limit for this warning via build.chunkSizeWarningLimit.
